// Jest Snapshot v1, https://goo.gl/fbAQLP

exports[`should render correctly 1`] = `
<div
  className="add-button"
>
  <button
    onClick={[Function]}
  >
    +
  </button>
</div>
`;
